============================= test session starts =============================
platform win32 -- Python 3.10.11, pytest-9.0.2, pluggy-1.6.0
rootdir: D:\Projects\TestPilotAI
configfile: pytest.ini
testpaths: tests
plugins: anyio-4.12.1, asyncio-1.3.0, cov-7.0.0
asyncio: mode=auto, debug=False, asyncio_default_fixture_loop_scope=None, asyncio_default_test_loop_scope=function
collected 913 items

tests\test_action_recorder.py ..................                         [  1%]
tests\test_android_controller.py .............                           [  3%]
tests\test_anomaly_detector.py ........                                  [  4%]
tests\test_api.py .........                                              [  5%]
tests\test_auth.py ..............                                        [  6%]
tests\test_auth_service.py ............                                  [  8%]
tests\test_auth_v6.py ..........................                         [ 10%]
tests\test_billing.py ..................                                 [ 12%]
tests\test_blueprint.py .............................                    [ 16%]
tests\test_config.py ............                                        [ 17%]
tests\test_consistency_checker.py ......................                 [ 19%]
tests\test_console_collector.py ....................................     [ 23%]
tests\test_context_pool.py ..............                                [ 25%]
tests\test_controller.py ...............................                 [ 28%]
tests\test_cross_validator.py ........                                   [ 29%]
tests\test_desktop_controller.py ................................        [ 33%]
tests\test_device_pool.py ............................                   [ 36%]
tests\test_emulator_manager.py ..................                        [ 38%]
tests\test_exceptions.py .......                                         [ 38%]
tests\test_explorer.py ..........                                        [ 39%]
tests\test_fixer.py .............                                        [ 41%]
tests\test_formula_validator.py ........................................ [ 45%]
....                                                                     [ 46%]
tests\test_log_slicer.py .............                                   [ 47%]
tests\test_mcp_server.py .............                                   [ 49%]
tests\test_memory.py .......                                             [ 49%]
tests\test_memory_v13.py ...........................                     [ 52%]
tests\test_miniprogram_controller.py ..................................  [ 56%]
tests\test_models.py ..........                                          [ 57%]
tests\test_multiplayer.py .............................................. [ 62%]
.............                                                            [ 64%]
tests\test_multiplayer_phase2.py ....................................... [ 68%]
.............                                                            [ 69%]
tests\test_multiplayer_phase3.py ....................................... [ 74%]
.........                                                                [ 75%]
tests\test_network_simulator.py ....................                     [ 77%]
tests\test_parser.py .............                                       [ 78%]
tests\test_patcher.py ........                                           [ 79%]
tests\test_plans.py ...............                                      [ 81%]
tests\test_process_runner.py ..............                              [ 82%]
tests\test_repair_loop.py .......                                        [ 83%]
tests\test_repair_models.py ...........                                  [ 84%]
tests\test_report_analytics.py ....................                      [ 86%]
tests\test_smart_input.py ..................                             [ 88%]
tests\test_smart_repair.py ...........                                   [ 90%]
tests\test_team.py ...........................                           [ 92%]
tests\test_vendor_dialogs.py ......................                      [ 95%]
tests\test_watcher.py ..............                                     [ 96%]
tests\test_webhook.py ..............                                     [ 98%]
tests\test_websocket.py ..............                                   [100%]

============================== warnings summary ===============================
src\billing\models.py:73
  D:\Projects\TestPilotAI\src\billing\models.py:73: PytestCollectionWarning: cannot collect test class 'TestBill' because it has a __init__ constructor (from: tests/test_billing.py)
    class TestBill(BaseModel):

src\testing\controller.py:50
  D:\Projects\TestPilotAI\src\testing\controller.py:50: PytestCollectionWarning: cannot collect test class 'TestController' because it has a __init__ constructor (from: tests/test_controller.py)
    class TestController:

src\testing\controller.py:42
  D:\Projects\TestPilotAI\src\testing\controller.py:42: PytestCollectionWarning: cannot collect test class 'TestState' because it has a __new__ constructor (from: tests/test_controller.py)
    class TestState(str, Enum):

src\core\exceptions.py:9
  D:\Projects\TestPilotAI\src\core\exceptions.py:9: PytestCollectionWarning: cannot collect test class 'TestPilotError' because it has a __init__ constructor (from: tests/test_exceptions.py)
    class TestPilotError(Exception):

src\testing\models.py:122
  D:\Projects\TestPilotAI\src\testing\models.py:122: PytestCollectionWarning: cannot collect test class 'TestReport' because it has a __init__ constructor (from: tests/test_memory_v13.py)
    class TestReport(BaseModel):

src\testing\models.py:122
  D:\Projects\TestPilotAI\src\testing\models.py:122: PytestCollectionWarning: cannot collect test class 'TestReport' because it has a __init__ constructor (from: tests/test_models.py)
    class TestReport(BaseModel):

src\testing\models.py:114
  D:\Projects\TestPilotAI\src\testing\models.py:114: PytestCollectionWarning: cannot collect test class 'TestScript' because it has a __init__ constructor (from: tests/test_models.py)
    class TestScript(BaseModel):

src\testing\models.py:65
  D:\Projects\TestPilotAI\src\testing\models.py:65: PytestCollectionWarning: cannot collect test class 'TestStep' because it has a __init__ constructor (from: tests/test_models.py)
    class TestStep(BaseModel):

src\core\exceptions.py:95
  D:\Projects\TestPilotAI\src\core\exceptions.py:95: PytestCollectionWarning: cannot collect test class 'TestScriptParseError' because it has a __init__ constructor (from: tests/test_parser.py)
    class TestScriptParseError(TestExecutionError):

src\testing\models.py:122
  D:\Projects\TestPilotAI\src\testing\models.py:122: PytestCollectionWarning: cannot collect test class 'TestReport' because it has a __init__ constructor (from: tests/test_repair_loop.py)
    class TestReport(BaseModel):

-- Docs: https://docs.pytest.org/en/stable/how-to/capture-warnings.html
================= 913 passed, 10 warnings in 92.15s (0:01:32) =================
